// Jest Snapshot v1, https://goo.gl/fbAQLP

exports[`AlbumItems renders correctly 1`] = `"loading..."`;
